Microchip MPLAB XC8 Compiler V2.30

Linker command line:

-W-3 --edf=C:\Program Files\Microchip\xc8\v2.30\pic\dat\en_msgs.txt -cn \
  -h+dist/default/production\application.X.production.sym \
  --cmf=dist/default/production\application.X.production.cmf -z -Q18F46K20 \
  -oC:\Users\KHELAD~1\AppData\Local\Temp\s5qcx3 --defsym=__MPLAB_BUILD=1 \
  -Mdist/default/production/application.X.production.map -E1 \
  -ver=XC8 Compiler --acfsm=1493 -ASTACK=010Eh-0F5Fh -pstack=STACK \
  -ACODE=00h-0FFFFh -ACONST=00h-0FFFFh -ASMALLCONST=01000h-010FFhx240 \
  -AMEDIUMCONST=01000h-0FFFFh -ACOMRAM=01h-05Fh -AABS1=00h-0F5Fh \
  -ABIGRAM=01h-0F5Fh -ARAM=060h-0FFh,0100h-01FFhx14,0F00h-0F5Fh \
  -ABANK0=060h-0FFh -ABANK1=0100h-01FFh -ABANK2=0200h-02FFh \
  -ABANK3=0300h-03FFh -ABANK4=0400h-04FFh -ABANK5=0500h-05FFh \
  -ABANK6=0600h-06FFh -ABANK7=0700h-07FFh -ABANK8=0800h-08FFh \
  -ABANK9=0900h-09FFh -ABANK10=0A00h-0AFFh -ABANK11=0B00h-0BFFh \
  -ABANK12=0C00h-0CFFh -ABANK13=0D00h-0DFFh -ABANK14=0E00h-0EFFh \
  -ABANK15=0F00h-0F5Fh -ASFR=0F60h-0FFFh -ACONFIG=0300000h-030000Dh \
  -AIDLOC=0200000h-0200007h -AEEDATA=0F00000h-0F003FFh -peeprom_data=EEDATA \
  -preset_vec=00h,intcode=08h,intcodelo=018h,powerup,init -pramtop=01000h \
  -psmallconst=SMALLCONST -pmediumconst=MEDIUMCONST -pconst=CONST \
  -AFARRAM=00h-00h \
  -prdata=COMRAM,nvrram=COMRAM,nvbit=COMRAM,rbss=COMRAM,rbit=COMRAM \
  -pfarbss=FARRAM,fardata=FARRAM,nvFARRAM=FARRAM \
  -pintsave_regs=BIGRAM,bigbss=BIGRAM,bigdata=BIGRAM -pbss=RAM \
  -pidata=CODE,irdata=CODE,ibigdata=CODE,ifardata=CODE -prparam=COMRAM \
  C:\Users\KHELAD~1\AppData\Local\Temp\s5qcx9.o \
  dist/default/production\application.X.production.o 

Object code version is 3.11

Machine type is 18F46K20



                Name                               Link     Load   Length Selector   Space Scale
C:\Users\KHELAD~1\AppData\Local\Temp\s5qcx9.o
                idloc                            200000   200000        8        0       5
                config                           300000   300000        E        0       4
                init                                252      252        4        C       0
                reset_vec                             0        0        4        0       0
dist/default/production\application.X.production.o
                intcodelo                            18       18      23A        C       0
                intcode                               8        8        6        4       0
                idloc                            200000   200000        8        0       5
                config                           300000   300000        E        0       4
                temp                                 47       47        1        1       1
                smallconst                         1000     1000        6      800       0
                text54                             298C     298C       2A     1476       0
                text53                             27B0     27B0       5A      803       0
                text52                             2862     2862       48      803       0
                text51                             2264     2264       CC      803       0
                text50                             2620     2620       76      803       0
                text49                             25AA     25AA       76      803       0
                text48                             251E     251E       8C      803       0
                text47                             2490     2490       8E      803       0
                text46                             2A9A     2A9A        2     1476       0
                text45                             2A80     2A80        4     1476       0
                text44                             26F8     26F8       5E      803       0
                text43                             2A98     2A98        2     1476       0
                text42                             2A6A     2A6A        8     1476       0
                text41                             2A96     2A96        2     1476       0
                text40                             2A28     2A28        A     1476       0
                text39                             29DA     29DA       14     1476       0
                text38                             2A94     2A94        2     1476       0
                text37                             29FE     29FE       10     1476       0
                text36                             2A92     2A92        2     1476       0
                text35                             2A62     2A62        8     1476       0
                text34                             2A0E     2A0E        E     1476       0
                text33                             2A90     2A90        2     1476       0
                text32                             29EE     29EE       10     1476       0
                intcode_body                       1EAE     1EAE      114      803       0
                text30                             2A8E     2A8E        2     1476       0
                text29                             2A5A     2A5A        8     1476       0
                text28                             2A8C     2A8C        2     1476       0
                text27                             2A52     2A52        8     1476       0
                text26                             2A8A     2A8A        2     1476       0
                text25                             2A4A     2A4A        8     1476       0
                text24                             2A88     2A88        2     1476       0
                text23                             2A42     2A42        8     1476       0
                text22                             2A86     2A86        2     1476       0
                text21                             2A3A     2A3A        8     1476       0
                text20                             2A84     2A84        2     1476       0
                text19                             2A32     2A32        8     1476       0
                text17                             1006     1006      4C2      803       0
                text16                             195E     195E      39C      803       0
                text15                             1FC2     1FC2      106      803       0
                text14                             1CFA     1CFA      1B4      803       0
                text13                             14C8     14C8      496      803       0
                text12                             29B6     29B6       24     1476       0
                text11                             2330     2330       C8      803       0
                text10                             2958     2958       34     1476       0
                text9                              2924     2924       34     1476       0
                text8                              2A7C     2A7C        4     1476       0
                text7                              2A78     2A78        4     1476       0
                text6                              2756     2756       5A      803       0
                text5                              20C8     20C8       D0      803       0
                text4                              280A     280A       58      803       0
                text3                              2198     2198       CC      803       0
                text2                              23F8     23F8       98      803       0
                text1                              28EC     28EC       38     1476       0
                text0                              2A1C     2A1C        C     1476       0
                cstackCOMRAM                          1        1       2E        1       1
                cstackBANK0                          DC       DC       23       60       1
                cstackBANK1                         100      100        E      100       1
                dataBANK0                            60       60       41       60       1
                bssBANK0                             A1       A1       3B       60       1
                dataCOMRAM                           41       41        6        1       1
                bssCOMRAM                            2F       2F       12        1       1
                cinit                              2696     2696       62      803       0
                idataBANK0                         28AA     28AA       41      803       0
                idataCOMRAM                        2A72     2A72        6     1476       0

TOTAL           Name                               Link     Load   Length     Space
        CLASS   STACK          

        CLASS   CODE           
                intcodelo                            18       18      23A         0
                intcode                               8        8        6         0
                init                                252      252        4         0
                reset_vec                             0        0        4         0
                text54                             298C     298C       2A         0
                text53                             27B0     27B0       5A         0
                text52                             2862     2862       48         0
                text51                             2264     2264       CC         0
                text50                             2620     2620       76         0
                text49                             25AA     25AA       76         0
                text48                             251E     251E       8C         0
                text47                             2490     2490       8E         0
                text46                             2A9A     2A9A        2         0
                text45                             2A80     2A80        4         0
                text44                             26F8     26F8       5E         0
                text43                             2A98     2A98        2         0
                text42                             2A6A     2A6A        8         0
                text41                             2A96     2A96        2         0
                text40                             2A28     2A28        A         0
                text39                             29DA     29DA       14         0
                text38                             2A94     2A94        2         0
                text37                             29FE     29FE       10         0
                text36                             2A92     2A92        2         0
                text35                             2A62     2A62        8         0
                text34                             2A0E     2A0E        E         0
                text33                             2A90     2A90        2         0
                text32                             29EE     29EE       10         0
                intcode_body                       1EAE     1EAE      114         0
                text30                             2A8E     2A8E        2         0
                text29                             2A5A     2A5A        8         0
                text28                             2A8C     2A8C        2         0
                text27                             2A52     2A52        8         0
                text26                             2A8A     2A8A        2         0
                text25                             2A4A     2A4A        8         0
                text24                             2A88     2A88        2         0
                text23                             2A42     2A42        8         0
                text22                             2A86     2A86        2         0
                text21                             2A3A     2A3A        8         0
                text20                             2A84     2A84        2         0
                text19                             2A32     2A32        8         0
                text17                             1006     1006      4C2         0
                text16                             195E     195E      39C         0
                text15                             1FC2     1FC2      106         0
                text14                             1CFA     1CFA      1B4         0
                text13                             14C8     14C8      496         0
                text12                             29B6     29B6       24         0
                text11                             2330     2330       C8         0
                text10                             2958     2958       34         0
                text9                              2924     2924       34         0
                text8                              2A7C     2A7C        4         0
                text7                              2A78     2A78        4         0
                text6                              2756     2756       5A         0
                text5                              20C8     20C8       D0         0
                text4                              280A     280A       58         0
                text3                              2198     2198       CC         0
                text2                              23F8     23F8       98         0
                text1                              28EC     28EC       38         0
                text0                              2A1C     2A1C        C         0
                cinit                              2696     2696       62         0
                idataBANK0                         28AA     28AA       41         0
                idataCOMRAM                        2A72     2A72        6         0

        CLASS   CONST          

        CLASS   SMALLCONST     
                smallconst                         1000     1000        6         0

        CLASS   MEDIUMCONST    

        CLASS   COMRAM         
                temp                                 47       47        1         1
                cstackCOMRAM                          1        1       2E         1
                dataCOMRAM                           41       41        6         1
                bssCOMRAM                            2F       2F       12         1

        CLASS   ABS1           

        CLASS   BIGRAM         

        CLASS   RAM            

        CLASS   BANK0          
                cstackBANK0                          DC       DC       23         1
                dataBANK0                            60       60       41         1
                bssBANK0                             A1       A1       3B         1

        CLASS   BANK1          
                cstackBANK1                         100      100        E         1

        CLASS   BANK2          

        CLASS   BANK3          

        CLASS   BANK4          

        CLASS   BANK5          

        CLASS   BANK6          

        CLASS   BANK7          

        CLASS   BANK8          

        CLASS   BANK9          

        CLASS   BANK10         

        CLASS   BANK11         

        CLASS   BANK12         

        CLASS   BANK13         

        CLASS   BANK14         

        CLASS   BANK15         

        CLASS   SFR            

        CLASS   CONFIG         
                config                           300000   300000        E         4

        CLASS   IDLOC          
                idloc                            200000   200000        8         5

        CLASS   EEDATA         

        CLASS   FARRAM         



SEGMENTS        Name                           Load    Length   Top    Selector   Space  Class

                reset_vec                      000000  000004  000004         0       0  CODE    
                cstackCOMRAM                   000001  000047  000048         1       1  COMRAM  
                intcode                        000008  000006  00000E         4       0  CODE    
                intcodelo                      000018  00023E  000256         C       0  CODE    
                dataBANK0                      000060  00009F  0000FF        60       1  BANK0   
                cstackBANK1                    000100  00000E  00010E       100       1  BANK1   
                smallconst                     001000  000006  001006       800       0  SMALLCON
                text17                         001006  0018E5  0028EB       803       0  CODE    
                text1                          0028EC  0001B0  002A9C      1476       0  CODE    


UNUSED ADDRESS RANGES

        Name                Unused          Largest block    Delta
        BANK0            0000FF-0000FF                1
        BANK1            00010E-0001FF               F2
        BANK10           000A00-000AFF              100
        BANK11           000B00-000BFF              100
        BANK12           000C00-000CFF              100
        BANK13           000D00-000DFF              100
        BANK14           000E00-000EFF              100
        BANK15           000F00-000F5F               60
        BANK2            000200-0002FF              100
        BANK3            000300-0003FF              100
        BANK4            000400-0004FF              100
        BANK5            000500-0005FF              100
        BANK6            000600-0006FF              100
        BANK7            000700-0007FF              100
        BANK8            000800-0008FF              100
        BANK9            000900-0009FF              100
        BIGRAM           000048-00005F               18
                         0000FF-0000FF                1
                         00010E-000F5F              E52
        CODE             000004-000007                4
                         00000E-000017                A
                         000256-000FFF              DAA
                         0028EB-0028EB                1
                         002A9C-00FFFF             D564
        COMRAM           000048-00005F               18
        CONST            000004-000007                4
                         00000E-000017                A
                         000256-000FFF              DAA
                         0028EB-0028EB                1
                         002A9C-00FFFF             D564
        EEDATA           F00000-F003FF              400
        MEDIUMCONST      0028EB-0028EB                1
                         002A9C-00FFFF             D564
        RAM              0000FF-0000FF                1
                         00010E-000F5F              100
        SFR              000F60-000FFF               A0
        SMALLCONST       0028EB-0028EB                1
                         002A9C-00FFFF              100
        STACK            00010E-000F5F              E52

                                  Symbol Table

?___fladd                                  cstackBANK0  0000ED
?___fldiv                                  cstackCOMRAM 000027
?___fltol                                  cstackCOMRAM 000019
?___xxtofl                                 cstackCOMRAM 000019
EUSART_Baud_Rate_Calculation@temp          cstackBANK1  000108
EUSART_Baud_Rate_Calculation@usart_obj     cstackBANK0  0000FD
EUSART_Initialize@usart_obj                cstackBANK1  00010C
EUSART_Mode_Select@usart_obj               cstackCOMRAM 000019
EUSART_Read@readValue                      cstackCOMRAM 000004
EUSART_Receiver_Enable@usart_obj           cstackCOMRAM 000022
EUSART_Transmit_Enable@usart_obj           cstackCOMRAM 000022
_BAUDCONbits                               (abs)        000FB8
_EUSART_Baud_Rate_Calculation              text13       0014C8
_EUSART_Baud_Rate_Calculation$3568         cstackBANK1  000104
_EUSART_ErrorInterruptHandler              bssBANK0     0000B9
_EUSART_FramingErrorInterruptHandler       bssBANK0     0000BD
_EUSART_Initialize                         text5        0020C8
_EUSART_Mode_Select                        text12       0029B6
_EUSART_OverrunErrorInterruptHandler       bssBANK0     0000BB
_EUSART_Read                               text52       002862
_EUSART_Receive_ISR                        text47       002490
_EUSART_Receiver_Enable                    text10       002958
_EUSART_RxDataHandler                      text54       00298C
_EUSART_RxDefaultInterruptHandler          text48       00251E
_EUSART_RxInterruptHandler                 bssBANK0     0000BF
_EUSART_Transmit_Enable                    text9        002924
_EUSART_Transmit_ISR                       text44       0026F8
_EUSART_TxDefaultInterruptHandler          text46       002A9A
_EUSART_TxInterruptHandler                 bssBANK0     0000C1
_INT0_CallBack                             text43       002A98
_INT0_ISR                                  text42       002A6A
_INT0_InterruptHandler                     bssBANK0     0000D7
_INT1_CallBack                             text30       002A8E
_INT1_ISR                                  text29       002A5A
_INT1_InterruptHandler                     bssBANK0     0000D5
_INT2_CallBack                             text28       002A8C
_INT2_ISR                                  text27       002A52
_INT2_InterruptHandler                     bssBANK0     0000D3
_INTCON2bits                               (abs)        000FF1
_INTCON3bits                               (abs)        000FF0
_INTCONbits                                (abs)        000FF2
_INTERRUPT_InterruptManagerHigh            intcode      000008
_INTERRUPT_InterruptManagerLow             intcodelo    000018
_LATA                                      (abs)        000F89
_LATB                                      (abs)        000F8A
_LATC                                      (abs)        000F8B
_LATD                                      (abs)        000F8C
_LATE                                      (abs)        000F8D
_PIE1bits                                  (abs)        000F9D
_PIE2bits                                  (abs)        000FA0
_PIR1bits                                  (abs)        000F9E
_PIR2bits                                  (abs)        000FA1
_PORTA                                     (abs)        000F80
_PORTB                                     (abs)        000F81
_PORTBbits                                 (abs)        000F81
_PORTC                                     (abs)        000F82
_PORTD                                     (abs)        000F83
_PORTE                                     (abs)        000F84
_PR2                                       (abs)        000FCB
_RB4_CallBack                              text26       002A8A
_RB4_ISR                                   text25       002A4A
_RB4_InterruptHandler                      bssBANK0     0000D1
_RB5_CallBack                              text24       002A88
_RB5_ISR                                   text23       002A42
_RB5_InterruptHandler                      bssBANK0     0000CF
_RB6_CallBack                              text22       002A86
_RB6_ISR                                   text21       002A3A
_RB6_InterruptHandler                      bssBANK0     0000CD
_RB7_CallBack                              text20       002A84
_RB7_ISR                                   text19       002A32
_RB7_InterruptHandler                      bssBANK0     0000CB
_RCONbits                                  (abs)        000FD0
_RCREG                                     (abs)        000FAE
_RCSTAbits                                 (abs)        000FAB
_SPBRG                                     (abs)        000FAF
_SPBRGH                                    (abs)        000FB0
_T0CONbits                                 (abs)        000FD5
_T1CONbits                                 (abs)        000FCD
_T2CONbits                                 (abs)        000FCA
_T3CONbits                                 (abs)        000FB1
_TMR0H                                     (abs)        000FD7
_TMR0L                                     (abs)        000FD6
_TMR0_ISR                                  text39       0029DA
_TMR0_InterruptHandler                     bssBANK0     0000C9
_TMR0_callBack                             text41       002A96
_TMR1H                                     (abs)        000FCF
_TMR1L                                     (abs)        000FCE
_TMR1_CallBack                             text38       002A94
_TMR1_ISR                                  text37       0029FE
_TMR1_InterruptHandler                     bssBANK0     0000C7
_TMR2_ISR                                  text34       002A0E
_TMR2_InterruptHandler                     bssBANK0     0000C5
_TMR2_callBack                             text36       002A92
_TMR3H                                     (abs)        000FB3
_TMR3L                                     (abs)        000FB2
_TMR3_CallBack                             text33       002A90
_TMR3_ISR                                  text32       0029EE
_TMR3_InterruptHandler                     bssBANK0     0000C3
_TRISA                                     (abs)        000F92
_TRISB                                     (abs)        000F93
_TRISC                                     (abs)        000F94
_TRISD                                     (abs)        000F95
_TRISE                                     (abs)        000F96
_TXREG                                     (abs)        000FAD
_TXSTAbits                                 (abs)        000FAC
__HRAM                                     (abs)        000000
__Habs1                                    abs1         000000
__Hbank0                                   bank0        000000
__Hbank1                                   bank1        000000
__Hbank10                                  bank10       000000
__Hbank11                                  bank11       000000
__Hbank12                                  bank12       000000
__Hbank13                                  bank13       000000
__Hbank14                                  bank14       000000
__Hbank15                                  bank15       000000
__Hbank2                                   bank2        000000
__Hbank3                                   bank3        000000
__Hbank4                                   bank4        000000
__Hbank5                                   bank5        000000
__Hbank6                                   bank6        000000
__Hbank7                                   bank7        000000
__Hbank8                                   bank8        000000
__Hbank9                                   bank9        000000
__Hbigbss                                  bigbss       000000
__Hbigdata                                 bigdata      000000
__Hbigram                                  bigram       000000
__Hbss                                     bss          000000
__HbssBANK0                                bssBANK0     000000
__HbssCOMRAM                               bssCOMRAM    000000
__Hcinit                                   cinit        000000
__Hclrtext                                 clrtext      000000
__Hcomram                                  comram       000000
__Hconfig                                  config       30000E
__Hconst                                   const        000000
__HcstackBANK0                             cstackBANK0  000000
__HcstackBANK1                             cstackBANK1  000000
__HcstackCOMRAM                            cstackCOMRAM 000000
__Hdata                                    data         000000
__HdataBANK0                               dataBANK0    000000
__HdataCOMRAM                              dataCOMRAM   000000
__Heeprom_data                             eeprom_data  000000
__Hfarbss                                  farbss       000000
__Hfardata                                 fardata      000000
__Hibigdata                                ibigdata     000000
__Hidata                                   idata        000000
__HidataBANK0                              idataBANK0   000000
__HidataCOMRAM                             idataCOMRAM  000000
__Hidloc                                   idloc        200008
__Hifardata                                ifardata     000000
__Hinit                                    init         000256
__Hintcode                                 intcode      00000E
__Hintcode_body                            intcode_body 000000
__Hintcodelo                               intcodelo    000252
__Hintentry                                intentry     000000
__Hintret                                  intret       000000
__Hintsave_regs                            intsave_regs 000000
__Hirdata                                  irdata       000000
__Hmediumconst                             mediumconst  000000
__HnvFARRAM                                nvFARRAM     000000
__Hnvbit                                   nvbit        000000
__Hnvrram                                  nvrram       000000
__Hparam                                   rparam       000000
__Hpowerup                                 powerup      000252
__Hram                                     ram          000000
__Hramtop                                  ramtop       001000
__Hrbit                                    rbit         000000
__Hrbss                                    rbss         000000
__Hrdata                                   rdata        000000
__Hreset_vec                               reset_vec    000004
__Hrparam                                  rparam       000000
__Hsfr                                     sfr          000000
__Hsmallconst                              smallconst   001006
__Hspace_0                                 (abs)        002A9C
__Hspace_1                                 (abs)        00010E
__Hspace_2                                 (abs)        000000
__Hspace_4                                 (abs)        60000E
__Hstack                                   stack        000000
__Hstruct                                  struct       000000
__Htemp                                    temp         000048
__Htext                                    text         000000
__Htext0                                   text0        000000
__Htext1                                   text1        000000
__Htext10                                  text10       000000
__Htext11                                  text11       000000
__Htext12                                  text12       000000
__Htext13                                  text13       000000
__Htext14                                  text14       000000
__Htext15                                  text15       000000
__Htext16                                  text16       000000
__Htext17                                  text17       000000
__Htext19                                  text19       000000
__Htext2                                   text2        000000
__Htext20                                  text20       000000
__Htext21                                  text21       000000
__Htext22                                  text22       000000
__Htext23                                  text23       000000
__Htext24                                  text24       000000
__Htext25                                  text25       000000
__Htext26                                  text26       000000
__Htext27                                  text27       000000
__Htext28                                  text28       000000
__Htext29                                  text29       000000
__Htext3                                   text3        000000
__Htext30                                  text30       000000
__Htext32                                  text32       000000
__Htext33                                  text33       000000
__Htext34                                  text34       000000
__Htext35                                  text35       000000
__Htext36                                  text36       000000
__Htext37                                  text37       000000
__Htext38                                  text38       000000
__Htext39                                  text39       000000
__Htext4                                   text4        000000
__Htext40                                  text40       000000
__Htext41                                  text41       000000
__Htext42                                  text42       000000
__Htext43                                  text43       000000
__Htext44                                  text44       000000
__Htext45                                  text45       000000
__Htext46                                  text46       000000
__Htext47                                  text47       000000
__Htext48                                  text48       000000
__Htext49                                  text49       000000
__Htext5                                   text5        000000
__Htext50                                  text50       000000
__Htext51                                  text51       000000
__Htext52                                  text52       000000
__Htext53                                  text53       000000
__Htext54                                  text54       000000
__Htext55                                  text55       000000
__Htext6                                   text6        000000
__Htext7                                   text7        000000
__Htext8                                   text8        000000
__Htext9                                   text9        000000
__LRAM                                     (abs)        000001
__Labs1                                    abs1         000000
__Lbank0                                   bank0        000000
__Lbank1                                   bank1        000000
__Lbank10                                  bank10       000000
__Lbank11                                  bank11       000000
__Lbank12                                  bank12       000000
__Lbank13                                  bank13       000000
__Lbank14                                  bank14       000000
__Lbank15                                  bank15       000000
__Lbank2                                   bank2        000000
__Lbank3                                   bank3        000000
__Lbank4                                   bank4        000000
__Lbank5                                   bank5        000000
__Lbank6                                   bank6        000000
__Lbank7                                   bank7        000000
__Lbank8                                   bank8        000000
__Lbank9                                   bank9        000000
__Lbigbss                                  bigbss       000000
__Lbigdata                                 bigdata      000000
__Lbigram                                  bigram       000000
__Lbss                                     bss          000000
__LbssBANK0                                bssBANK0     000000
__LbssCOMRAM                               bssCOMRAM    000000
__Lcinit                                   cinit        000000
__Lclrtext                                 clrtext      000000
__Lcomram                                  comram       000000
__Lconfig                                  config       000000
__Lconst                                   const        000000
__LcstackBANK0                             cstackBANK0  000000
__LcstackBANK1                             cstackBANK1  000000
__LcstackCOMRAM                            cstackCOMRAM 000000
__Ldata                                    data         000000
__LdataBANK0                               dataBANK0    000000
__LdataCOMRAM                              dataCOMRAM   000000
__Leeprom_data                             eeprom_data  000000
__Lfarbss                                  farbss       000000
__Lfardata                                 fardata      000000
__Libigdata                                ibigdata     000000
__Lidata                                   idata        000000
__LidataBANK0                              idataBANK0   000000
__LidataCOMRAM                             idataCOMRAM  000000
__Lidloc                                   idloc        000000
__Lifardata                                ifardata     000000
__Linit                                    init         000252
__Lintcode                                 intcode      000008
__Lintcode_body                            intcode_body 000000
__Lintcodelo                               intcodelo    000018
__Lintentry                                intentry     000000
__Lintret                                  intret       000000
__Lintsave_regs                            intsave_regs 000000
__Lirdata                                  irdata       000000
__Lmediumconst                             mediumconst  000000
__LnvFARRAM                                nvFARRAM     000000
__Lnvbit                                   nvbit        000000
__Lnvrram                                  nvrram       000000
__Lparam                                   rparam       000000
__Lpowerup                                 powerup      000252
__Lram                                     ram          000000
__Lramtop                                  ramtop       001000
__Lrbit                                    rbit         000000
__Lrbss                                    rbss         000000
__Lrdata                                   rdata        000000
__Lreset_vec                               reset_vec    000000
__Lrparam                                  rparam       000000
__Lsfr                                     sfr          000000
__Lsmallconst                              smallconst   001000
__Lspace_0                                 (abs)        000000
__Lspace_1                                 (abs)        000000
__Lspace_2                                 (abs)        000000
__Lspace_4                                 (abs)        000000
__Lstack                                   stack        000000
__Lstruct                                  struct       000000
__Ltemp                                    temp         000047
__Ltext                                    text         000000
__Ltext0                                   text0        000000
__Ltext1                                   text1        000000
__Ltext10                                  text10       000000
__Ltext11                                  text11       000000
__Ltext12                                  text12       000000
__Ltext13                                  text13       000000
__Ltext14                                  text14       000000
__Ltext15                                  text15       000000
__Ltext16                                  text16       000000
__Ltext17                                  text17       000000
__Ltext19                                  text19       000000
__Ltext2                                   text2        000000
__Ltext20                                  text20       000000
__Ltext21                                  text21       000000
__Ltext22                                  text22       000000
__Ltext23                                  text23       000000
__Ltext24                                  text24       000000
__Ltext25                                  text25       000000
__Ltext26                                  text26       000000
__Ltext27                                  text27       000000
__Ltext28                                  text28       000000
__Ltext29                                  text29       000000
__Ltext3                                   text3        000000
__Ltext30                                  text30       000000
__Ltext32                                  text32       000000
__Ltext33                                  text33       000000
__Ltext34                                  text34       000000
__Ltext35                                  text35       000000
__Ltext36                                  text36       000000
__Ltext37                                  text37       000000
__Ltext38                                  text38       000000
__Ltext39                                  text39       000000
__Ltext4                                   text4        000000
__Ltext40                                  text40       000000
__Ltext41                                  text41       000000
__Ltext42                                  text42       000000
__Ltext43                                  text43       000000
__Ltext44                                  text44       000000
__Ltext45                                  text45       000000
__Ltext46                                  text46       000000
__Ltext47                                  text47       000000
__Ltext48                                  text48       000000
__Ltext49                                  text49       000000
__Ltext5                                   text5        000000
__Ltext50                                  text50       000000
__Ltext51                                  text51       000000
__Ltext52                                  text52       000000
__Ltext53                                  text53       000000
__Ltext54                                  text54       000000
__Ltext55                                  text55       000000
__Ltext6                                   text6        000000
__Ltext7                                   text7        000000
__Ltext8                                   text8        000000
__Ltext9                                   text9        000000
__S0                                       (abs)        002A9C
__S1                                       (abs)        00010E
__S2                                       (abs)        000000
__S4                                       (abs)        000000
__S5                                       (abs)        000000
___fladd                                   text17       001006
___fladd@a                                 cstackBANK0  0000F1
___fladd@aexp                              cstackBANK0  0000FA
___fladd@b                                 cstackBANK0  0000ED
___fladd@bexp                              cstackBANK0  0000FB
___fladd@grs                               cstackBANK0  0000FC
___fladd@signs                             cstackBANK0  0000F9
___fldiv                                   text16       00195E
___fldiv@a                                 cstackCOMRAM 00002B
___fldiv@aexp                              cstackBANK0  0000EC
___fldiv@b                                 cstackCOMRAM 000027
___fldiv@bexp                              cstackBANK0  0000EB
___fldiv@grs                               cstackBANK0  0000E7
___fldiv@new_exp                           cstackBANK0  0000E5
___fldiv@rem                               cstackBANK0  0000E0
___fldiv@sign                              cstackBANK0  0000E4
___fltol                                   text15       001FC2
___fltol@exp1                              cstackCOMRAM 000022
___fltol@f1                                cstackCOMRAM 000019
___fltol@sign1                             cstackCOMRAM 000021
___inthi_sp                                stack        000000
___intlo_sp                                stack        000000
___param_bank                              (abs)        000000
___rparam_used                             (abs)        000001
___sp                                      stack        000000
___xxtofl                                  text14       001CFA
___xxtofl@arg                              cstackCOMRAM 000023
___xxtofl@exp                              cstackCOMRAM 000022
___xxtofl@sign                             cstackCOMRAM 000021
___xxtofl@val                              cstackCOMRAM 000019
__accesstop                                (abs)        000060
__activetblptr                             (abs)        000003
__end_of_EUSART_Baud_Rate_Calculation      text13       00195E
__end_of_EUSART_Initialize                 text5        002198
__end_of_EUSART_Mode_Select                text12       0029DA
__end_of_EUSART_Read                       text52       0028AA
__end_of_EUSART_Receive_ISR                text47       00251E
__end_of_EUSART_Receiver_Enable            text10       00298C
__end_of_EUSART_RxDataHandler              text54       0029B6
__end_of_EUSART_RxDefaultInterruptHandler  text48       0025AA
__end_of_EUSART_Transmit_Enable            text9        002958
__end_of_EUSART_Transmit_ISR               text44       002756
__end_of_EUSART_TxDefaultInterruptHandler  text46       002A9C
__end_of_INT0_CallBack                     text43       002A9A
__end_of_INT0_ISR                          text42       002A72
__end_of_INT1_CallBack                     text30       002A90
__end_of_INT1_ISR                          text29       002A62
__end_of_INT2_CallBack                     text28       002A8E
__end_of_INT2_ISR                          text27       002A5A
__end_of_INTERRUPT_InterruptManagerHigh    intcode_body 001FC2
__end_of_INTERRUPT_InterruptManagerLow     intcodelo    000252
__end_of_RB4_CallBack                      text26       002A8C
__end_of_RB4_ISR                           text25       002A52
__end_of_RB5_CallBack                      text24       002A8A
__end_of_RB5_ISR                           text23       002A4A
__end_of_RB6_CallBack                      text22       002A88
__end_of_RB6_ISR                           text21       002A42
__end_of_RB7_CallBack                      text20       002A86
__end_of_RB7_ISR                           text19       002A3A
__end_of_TMR0_ISR                          text39       0029EE
__end_of_TMR0_callBack                     text41       002A98
__end_of_TMR1_CallBack                     text38       002A96
__end_of_TMR1_ISR                          text37       002A0E
__end_of_TMR2_ISR                          text34       002A1C
__end_of_TMR2_callBack                     text36       002A94
__end_of_TMR3_CallBack                     text33       002A92
__end_of_TMR3_ISR                          text32       0029FE
__end_of___fladd                           text17       0014C8
__end_of___fldiv                           text16       001CFA
__end_of___fltol                           text15       0020C8
__end_of___xxtofl                          text14       001EAE
__end_of__initialization                   cinit        0026EE
__end_of_application_initilaze             text1        002924
__end_of_button_initialize                 text4        002862
__end_of_gpio_pin_direction_intialize      text11       0023F8
__end_of_gpio_pin_write_value              text3        002264
__end_of_led_initialize                    text2        002490
__end_of_led_turn_off                      text50       002696
__end_of_led_turn_on                       text49       002620
__end_of_main                              text0        002A28
__end_of_timer0_write_timer                text40       002A32
__end_of_timer2_write_timer                text35       002A6A
__end_of_usart_clear_rx_interrupt_flag     text8        002A80
__end_of_usart_clear_tx_interrupt_flag     text7        002A7C
__end_of_usart_interrupt_enable            text6        0027B0
__end_ofi2_gpio_pin_write_value            text51       002330
__end_ofi2_usart_clear_tx_interrupt_flag   text45       002A84
__end_ofi2_usart_interrupt_enable          text53       00280A
__initialization                           cinit        002696
__mediumconst                              mediumconst  000000
__pbssBANK0                                bssBANK0     0000A1
__pbssCOMRAM                               bssCOMRAM    00002F
__pcinit                                   cinit        002696
__pcstackBANK0                             cstackBANK0  0000DC
__pcstackBANK1                             cstackBANK1  000100
__pcstackCOMRAM                            cstackCOMRAM 000001
__pdataBANK0                               dataBANK0    000060
__pdataCOMRAM                              dataCOMRAM   000041
__pidataBANK0                              idataBANK0   0028AA
__pidataCOMRAM                             idataCOMRAM  002A72
__pintcode                                 intcode      000008
__pintcode_body                            intcode_body 001EAE
__pintcodelo                               intcodelo    000018
__psmallconst                              smallconst   001000
__ptext0                                   text0        002A1C
__ptext1                                   text1        0028EC
__ptext10                                  text10       002958
__ptext11                                  text11       002330
__ptext12                                  text12       0029B6
__ptext13                                  text13       0014C8
__ptext14                                  text14       001CFA
__ptext15                                  text15       001FC2
__ptext16                                  text16       00195E
__ptext17                                  text17       001006
__ptext19                                  text19       002A32
__ptext2                                   text2        0023F8
__ptext20                                  text20       002A84
__ptext21                                  text21       002A3A
__ptext22                                  text22       002A86
__ptext23                                  text23       002A42
__ptext24                                  text24       002A88
__ptext25                                  text25       002A4A
__ptext26                                  text26       002A8A
__ptext27                                  text27       002A52
__ptext28                                  text28       002A8C
__ptext29                                  text29       002A5A
__ptext3                                   text3        002198
__ptext30                                  text30       002A8E
__ptext32                                  text32       0029EE
__ptext33                                  text33       002A90
__ptext34                                  text34       002A0E
__ptext35                                  text35       002A62
__ptext36                                  text36       002A92
__ptext37                                  text37       0029FE
__ptext38                                  text38       002A94
__ptext39                                  text39       0029DA
__ptext4                                   text4        00280A
__ptext40                                  text40       002A28
__ptext41                                  text41       002A96
__ptext42                                  text42       002A6A
__ptext43                                  text43       002A98
__ptext44                                  text44       0026F8
__ptext45                                  text45       002A80
__ptext46                                  text46       002A9A
__ptext47                                  text47       002490
__ptext48                                  text48       00251E
__ptext49                                  text49       0025AA
__ptext5                                   text5        0020C8
__ptext50                                  text50       002620
__ptext51                                  text51       002264
__ptext52                                  text52       002862
__ptext53                                  text53       0027B0
__ptext54                                  text54       00298C
__ptext55                                  text55       000000
__ptext6                                   text6        002756
__ptext7                                   text7        002A78
__ptext8                                   text8        002A7C
__ptext9                                   text9        002924
__ramtop                                   ramtop       001000
__size_of_EUSART_Baud_Rate_Calculation     (abs)        000000
__size_of_EUSART_Initialize                (abs)        000000
__size_of_EUSART_Mode_Select               (abs)        000000
__size_of_EUSART_Read                      (abs)        000000
__size_of_EUSART_Receive_ISR               (abs)        000000
__size_of_EUSART_Receiver_Enable           (abs)        000000
__size_of_EUSART_RxDataHandler             (abs)        000000
__size_of_EUSART_RxDefaultInterruptHandler (abs)        000000
__size_of_EUSART_Transmit_Enable           (abs)        000000
__size_of_EUSART_Transmit_ISR              (abs)        000000
__size_of_EUSART_TxDefaultInterruptHandler (abs)        000000
__size_of_INT0_CallBack                    (abs)        000000
__size_of_INT0_ISR                         (abs)        000000
__size_of_INT1_CallBack                    (abs)        000000
__size_of_INT1_ISR                         (abs)        000000
__size_of_INT2_CallBack                    (abs)        000000
__size_of_INT2_ISR                         (abs)        000000
__size_of_INTERRUPT_InterruptManagerHigh   (abs)        000000
__size_of_INTERRUPT_InterruptManagerLow    (abs)        000000
__size_of_RB4_CallBack                     (abs)        000000
__size_of_RB4_ISR                          (abs)        000000
__size_of_RB5_CallBack                     (abs)        000000
__size_of_RB5_ISR                          (abs)        000000
__size_of_RB6_CallBack                     (abs)        000000
__size_of_RB6_ISR                          (abs)        000000
__size_of_RB7_CallBack                     (abs)        000000
__size_of_RB7_ISR                          (abs)        000000
__size_of_TMR0_ISR                         (abs)        000000
__size_of_TMR0_callBack                    (abs)        000000
__size_of_TMR1_CallBack                    (abs)        000000
__size_of_TMR1_ISR                         (abs)        000000
__size_of_TMR2_ISR                         (abs)        000000
__size_of_TMR2_callBack                    (abs)        000000
__size_of_TMR3_CallBack                    (abs)        000000
__size_of_TMR3_ISR                         (abs)        000000
__size_of___fladd                          (abs)        000000
__size_of___fldiv                          (abs)        000000
__size_of___fltol                          (abs)        000000
__size_of___xxtofl                         (abs)        000000
__size_of_application_initilaze            (abs)        000000
__size_of_button_initialize                (abs)        000000
__size_of_gpio_pin_direction_intialize     (abs)        000000
__size_of_gpio_pin_write_value             (abs)        000000
__size_of_led_initialize                   (abs)        000000
__size_of_led_turn_off                     (abs)        000000
__size_of_led_turn_on                      (abs)        000000
__size_of_main                             (abs)        000000
__size_of_timer0_write_timer               (abs)        000000
__size_of_timer2_write_timer               (abs)        000000
__size_of_usart_clear_rx_interrupt_flag    (abs)        000000
__size_of_usart_clear_tx_interrupt_flag    (abs)        000000
__size_of_usart_interrupt_enable           (abs)        000000
__size_ofi2_gpio_pin_write_value           (abs)        000000
__size_ofi2_usart_clear_tx_interrupt_flag  (abs)        000000
__size_ofi2_usart_interrupt_enable         (abs)        000000
__smallconst                               smallconst   001000
_application_initilaze                     text1        0028EC
_but_val                                   bssCOMRAM    00003B
_button1                                   dataCOMRAM   000046
_button2                                   dataCOMRAM   000043
_button_initialize                         text4        00280A
_eusartRxBuffer                            bssBANK0     0000A9
_eusartRxCount                             bssCOMRAM    000035
_eusartRxHead                              bssCOMRAM    000037
_eusartRxLastError                         bssCOMRAM    000038
_eusartRxStatusBuffer                      bssBANK0     0000A1
_eusartRxTail                              bssCOMRAM    000036
_eusartTxBuffer                            bssBANK0     0000B1
_eusartTxBufferRemaining                   bssBANK0     0000D9
_eusartTxHead                              bssBANK0     0000DB
_eusartTxTail                              bssBANK0     0000DA
_flag                                      bssCOMRAM    00003A
_gpio_pin_direction_intialize              text11       002330
_gpio_pin_write_value                      text3        002198
_lat_register                              dataBANK0    00007A
_led1                                      dataCOMRAM   000044
_led2                                      dataBANK0    00009F
_led_initialize                            text2        0023F8
_led_turn_off                              text50       002620
_led_turn_on                               text49       0025AA
_main                                      text0        002A1C
_port_register                             dataBANK0    000070
_rb4_flag                                  bssCOMRAM    000040
_rb5_flag                                  bssCOMRAM    00003F
_rb6_flag                                  bssCOMRAM    00003E
_rb7_flag                                  bssCOMRAM    00003D
_task1                                     dataCOMRAM   000042
_task2                                     dataCOMRAM   000041
_timer0_preload                            bssCOMRAM    000033
_timer0_write_timer                        text40       002A28
_timer1_preload                            bssCOMRAM    000031
_timer2_preload                            bssCOMRAM    00003C
_timer2_write_timer                        text35       002A62
_timer3_preload                            bssCOMRAM    00002F
_tris_register                             dataBANK0    000084
_uart1                                     dataBANK0    00008E
_usart_clear_rx_interrupt_flag             text8        002A7C
_usart_clear_tx_interrupt_flag             text7        002A78
_usart_interrupt_enable                    text6        002756
_val                                       bssCOMRAM    000039
btemp                                      temp         000047
button_initialize@btn                      cstackCOMRAM 000022
end_of_initialization                      cinit        0026EE
gpio_pin_direction_intialize@direction     cstackCOMRAM 00001A
gpio_pin_direction_intialize@pin           cstackCOMRAM 000019
gpio_pin_direction_intialize@port          cstackCOMRAM 000021
gpio_pin_write_value@logic                 cstackCOMRAM 00001A
gpio_pin_write_value@pin                   cstackCOMRAM 000019
gpio_pin_write_value@port                  cstackCOMRAM 000021
i2_gpio_pin_write_value                    text51       002264
i2_usart_clear_tx_interrupt_flag           text45       002A80
i2_usart_interrupt_enable                  text53       0027B0
i2gpio_pin_write_value@logic               cstackCOMRAM 000002
i2gpio_pin_write_value@pin                 cstackCOMRAM 000001
i2gpio_pin_write_value@port                cstackCOMRAM 000009
i2usart_interrupt_enable@state             cstackCOMRAM 000003
int$flags                                  temp         000047
int_func                                   intcode_body 001EAE
intlevel0                                  text         000000
intlevel1                                  text         000000
intlevel2                                  text         000000
intlevel3                                  text         000000
led_initialize@led                         cstackCOMRAM 000022
led_turn_off@led                           cstackCOMRAM 00000A
led_turn_on@led                            cstackCOMRAM 00000A
stackhi                                    (abs)        000F5F
stacklo                                    (abs)        00010E
start                                      init         000252
start_initialization                       cinit        002696
timer0_write_timer@timer_val               cstackCOMRAM 000001
timer2_write_timer@timer_val               cstackCOMRAM 000002
ttemp5                                     temp         000048
ttemp6                                     temp         00004B
ttemp7                                     temp         00004F
usart_interrupt_enable@state               cstackCOMRAM 00001B
wtemp8                                     temp         000048


FUNCTION INFORMATION:

 *************** function _main *****************
 Defined at:
		line 34 in file "application.c"
 Parameters:    Size  Location     Type
		None
 Auto vars:     Size  Location     Type
		None
 Return value:  Size  Location     Type
                  2  809[None  ] int 
 Registers used:
		wreg, fsr2l, fsr2h, status,2, status,0, prodl, prodh, cstack
 Tracked objects:
		On entry : 
		On exit  : 
		Unchanged: 
 Data sizes:     COMRAM   BANK0   BANK1   BANK2   BANK3   BANK4   BANK5   BANK6   BANK7   BANK8   BANK9  BANK10  BANK11  BANK12  BANK13  BANK14  BANK15
      Params:         0       0       0       0       0       0       0       0       0       0       0       0       0       0       0       0       0
      Locals:         0       0       0       0       0       0       0       0       0       0       0       0       0       0       0       0       0
      Temps:          0       0       0       0       0       0       0       0       0       0       0       0       0       0       0       0       0
      Totals:         0       0       0       0       0       0       0       0       0       0       0       0       0       0       0       0       0
Total ram usage:        0 bytes
 Hardware stack levels required when called:   12
 This function calls:
		_application_initilaze
 This function is called by:
		Startup code after reset
 This function uses a non-reentrant model


 *************** function _application_initilaze *****************
 Defined at:
		line 41 in file "application.c"
 Parameters:    Size  Location     Type
		None
 Auto vars:     Size  Location     Type
		None
 Return value:  Size  Location     Type
                  1    wreg      void 
 Registers used:
		wreg, fsr2l, fsr2h, status,2, status,0, prodl, prodh, cstack
 Tracked objects:
		On entry : 
		On exit  : 
		Unchanged: 
 Data sizes:     COMRAM   BANK0   BANK1   BANK2   BANK3   BANK4   BANK5   BANK6   BANK7   BANK8   BANK9  BANK10  BANK11  BANK12  BANK13  BANK14  BANK15
      Params:         0       0       0       0       0       0       0       0       0       0       0       0       0       0       0       0       0
      Locals:         0       0       0       0       0       0       0       0       0       0       0       0       0       0       0       0       0
      Temps:          0       0       0       0       0       0       0       0       0       0       0       0       0       0       0       0       0
      Totals:         0       0       0       0       0       0       0       0       0       0       0       0       0       0       0       0       0
Total ram usage:        0 bytes
 Hardware stack levels used:    1
 Hardware stack levels required when called:   11
 This function calls:
		_EUSART_Initialize
		_button_initialize
		_led_initialize
 This function is called by:
		_main
 This function uses a non-reentrant model


 *************** function _led_initialize *****************
 Defined at:
		line 15 in file "ecu/ecu_led/ecu_led.c"
 Parameters:    Size  Location     Type
  led             2   33[COMRAM] PTR struct .
		 -> led2(2), led1(2), 
 Auto vars:     Size  Location     Type
  ret             1    0        enum E3455
 Return value:  Size  Location     Type
                  1    wreg      enum E3455
 Registers used:
		wreg, fsr2l, fsr2h, status,2, status,0, prodl, prodh, cstack
 Tracked objects:
		On entry : 
		On exit  : 
		Unchanged: 
 Data sizes:     COMRAM   BANK0   BANK1   BANK2   BANK3   BANK4   BANK5   BANK6   BANK7   BANK8   BANK9  BANK10  BANK11  BANK12  BANK13  BANK14  BANK15
      Params:         2       0       0       0       0       0       0       0       0       0       0       0       0       0       0       0       0
      Locals:         1       0       0       0       0       0       0       0       0       0       0       0       0       0       0       0       0
      Temps:          1       0       0       0       0       0       0       0       0       0       0       0       0       0       0       0       0
      Totals:         4       0       0       0       0       0       0       0       0       0       0       0       0       0       0       0       0
Total ram usage:        4 bytes
 Hardware stack levels used:    1
 Hardware stack levels required when called:    9
 This function calls:
		_gpio_pin_direction_intialize
		_gpio_pin_write_value
 This function is called by:
		_application_initilaze
 This function uses a non-reentrant model


 *************** function _gpio_pin_write_value *****************
 Defined at:
		line 67 in file "mcal/mcal_gpio/mcal_gpio.c"
 Parameters:    Size  Location     Type
  port            1    wreg     enum E3477
  pin             1   24[COMRAM] enum E3467
  logic           1   25[COMRAM] enum E3459
 Auto vars:     Size  Location     Type
  port            1   32[COMRAM] enum E3477
  ret             1    0        enum E3455
 Return value:  Size  Location     Type
                  1    wreg      enum E3455
 Registers used:
		wreg, fsr2l, fsr2h, status,2, status,0, prodl, prodh
 Tracked objects:
		On entry : 
		On exit  : 
		Unchanged: 
 Data sizes:     COMRAM   BANK0   BANK1   BANK2   BANK3   BANK4   BANK5   BANK6   BANK7   BANK8   BANK9  BANK10  BANK11  BANK12  BANK13  BANK14  BANK15
      Params:         2       0       0       0       0       0       0       0       0       0       0       0       0       0       0       0       0
      Locals:         2       0       0       0       0       0       0       0       0       0       0       0       0       0       0       0       0
      Temps:          5       0       0       0       0       0       0       0       0       0       0       0       0       0       0       0       0
      Totals:         9       0       0       0       0       0       0       0       0       0       0       0       0       0       0       0       0
Total ram usage:        9 bytes
 Hardware stack levels used:    1
 Hardware stack levels required when called:    8
 This function calls:
		Nothing
 This function is called by:
		_led_initialize
		_keypad_initialize
		_keypad_read_value
		_lcd_intialize
		_lcd_send_enable
		_lcd_send_command
		_lcd_send_char_data
		_relay_initialize
		_relay_turn_on
		_relay_turn_off
 This function uses a non-reentrant model


 *************** function _button_initialize *****************
 Defined at:
		line 17 in file "ecu/ecu_button/ecu_button.c"
 Parameters:    Size  Location     Type
  btn             2   33[COMRAM] PTR struct .
		 -> button1(1), 
 Auto vars:     Size  Location     Type
  ret             1    0        enum E3455
 Return value:  Size  Location     Type
                  1    wreg      enum E3455
 Registers used:
		wreg, fsr2l, fsr2h, status,2, status,0, prodl, prodh, cstack
 Tracked objects:
		On entry : 
		On exit  : 
		Unchanged: 
 Data sizes:     COMRAM   BANK0   BANK1   BANK2   BANK3   BANK4   BANK5   BANK6   BANK7   BANK8   BANK9  BANK10  BANK11  BANK12  BANK13  BANK14  BANK15
      Params:         2       0       0       0       0       0       0       0       0       0       0       0       0       0       0       0       0
      Locals:         1       0       0       0       0       0       0       0       0       0       0       0       0       0       0       0       0
      Temps:          1       0       0       0       0       0       0       0       0       0       0       0       0       0       0       0       0
      Totals:         4       0       0       0       0       0       0       0       0       0       0       0       0       0       0       0       0
Total ram usage:        4 bytes
 Hardware stack levels used:    1
 Hardware stack levels required when called:    9
 This function calls:
		_gpio_pin_direction_intialize
 This function is called by:
		_application_initilaze
 This function uses a non-reentrant model


 *************** function _EUSART_Initialize *****************
 Defined at:
		line 36 in file "mcal/uart/uart.c"
 Parameters:    Size  Location     Type
  usart_obj       2   12[BANK1 ] PTR const struct .
		 -> uart1(17), 
 Auto vars:     Size  Location     Type
		None
 Return value:  Size  Location     Type
                  1    wreg      void 
 Registers used:
		wreg, fsr2l, fsr2h, status,2, status,0, prodl, prodh, cstack
 Tracked objects:
		On entry : 
		On exit  : 
		Unchanged: 
 Data sizes:     COMRAM   BANK0   BANK1   BANK2   BANK3   BANK4   BANK5   BANK6   BANK7   BANK8   BANK9  BANK10  BANK11  BANK12  BANK13  BANK14  BANK15
      Params:         0       0       2       0       0       0       0       0       0       0       0       0       0       0       0       0       0
      Locals:         0       0       0       0       0       0       0       0       0       0       0       0       0       0       0       0       0
      Temps:          0       0       0       0       0       0       0       0       0       0       0       0       0       0       0       0       0
      Totals:         0       0       2       0       0       0       0       0       0       0       0       0       0       0       0       0       0
Total ram usage:        2 bytes
 Hardware stack levels used:    1
 Hardware stack levels required when called:   10
 This function calls:
		_EUSART_Baud_Rate_Calculation
		_EUSART_Mode_Select
		_EUSART_Receiver_Enable
		_EUSART_Transmit_Enable
		_usart_clear_rx_interrupt_flag
		_usart_clear_tx_interrupt_flag
		_usart_interrupt_enable
 This function is called by:
		_application_initilaze
 This function uses a non-reentrant model


 *************** function _usart_interrupt_enable *****************
 Defined at:
		line 10 in file "mcal/interrupt/mcal_usart_interrupt.c"
 Parameters:    Size  Location     Type
  state           1    wreg     enum E3521
 Auto vars:     Size  Location     Type
  state           1   26[COMRAM] enum E3521
 Return value:  Size  Location     Type
                  1    wreg      void 
 Registers used:
		wreg, status,2, status,0
 Tracked objects:
		On entry : 
		On exit  : 
		Unchanged: 
 Data sizes:     COMRAM   BANK0   BANK1   BANK2   BANK3   BANK4   BANK5   BANK6   BANK7   BANK8   BANK9  BANK10  BANK11  BANK12  BANK13  BANK14  BANK15
      Params:         0       0       0       0       0       0       0       0       0       0       0       0       0       0       0       0       0
      Locals:         1       0       0       0       0       0       0       0       0       0       0       0       0       0       0       0       0
      Temps:          2       0       0       0       0       0       0       0       0       0       0       0       0       0       0       0       0
      Totals:         3       0       0       0       0       0       0       0       0       0       0       0       0       0       0       0       0
Total ram usage:        3 bytes
 Hardware stack levels used:    1
 Hardware stack levels required when called:    8
 This function calls:
		Nothing
 This function is called by:
		_EUSART_Initialize
 This function uses a non-reentrant model


 *************** function _usart_clear_tx_interrupt_flag *****************
 Defined at:
		line 20 in file "mcal/interrupt/mcal_usart_interrupt.c"
 Parameters:    Size  Location     Type
		None
 Auto vars:     Size  Location     Type
		None
 Return value:  Size  Location     Type
                  1    wreg      void 
 Registers used:
		None
 Tracked objects:
		On entry : 
		On exit  : 
		Unchanged: 
 Data sizes:     COMRAM   BANK0   BANK1   BANK2   BANK3   BANK4   BANK5   BANK6   BANK7   BANK8   BANK9  BANK10  BANK11  BANK12  BANK13  BANK14  BANK15
      Params:         0       0       0       0       0       0       0       0       0       0       0       0       0       0       0       0       0
      Locals:         0       0       0       0       0       0       0       0       0       0       0       0       0       0       0       0       0
      Temps:          0       0       0       0       0       0       0       0       0       0       0       0       0       0       0       0       0
      Totals:         0       0       0       0       0       0       0       0       0       0       0       0       0       0       0       0       0
Total ram usage:        0 bytes
 Hardware stack levels used:    1
 Hardware stack levels required when called:    8
 This function calls:
		Nothing
 This function is called by:
		_EUSART_Initialize
		_EUSART_Write
 This function uses a non-reentrant model


 *************** function _usart_clear_rx_interrupt_flag *****************
 Defined at:
		line 24 in file "mcal/interrupt/mcal_usart_interrupt.c"
 Parameters:    Size  Location     Type
		None
 Auto vars:     Size  Location     Type
		None
 Return value:  Size  Location     Type
                  1    wreg      void 
 Registers used:
		None
 Tracked objects:
		On entry : 
		On exit  : 
		Unchanged: 
 Data sizes:     COMRAM   BANK0   BANK1   BANK2   BANK3   BANK4   BANK5   BANK6   BANK7   BANK8   BANK9  BANK10  BANK11  BANK12  BANK13  BANK14  BANK15
      Params:         0       0       0       0       0       0       0       0       0       0       0       0       0       0       0       0       0
      Locals:         0       0       0       0       0       0       0       0       0       0       0       0       0       0       0       0       0
      Temps:          0       0       0       0       0       0       0       0       0       0       0       0       0       0       0       0       0
      Totals:         0       0       0       0       0       0       0       0       0       0       0       0       0       0       0       0       0
Total ram usage:        0 bytes
 Hardware stack levels used:    1
 Hardware stack levels required when called:    8
 This function calls:
		Nothing
 This function is called by:
		_EUSART_Initialize
 This function uses a non-reentrant model


 *************** function _EUSART_Transmit_Enable *****************
 Defined at:
		line 160 in file "mcal/uart/uart.c"
 Parameters:    Size  Location     Type
  usart_obj       2   33[COMRAM] PTR const struct .
		 -> uart1(17), 
 Auto vars:     Size  Location     Type
		None
 Return value:  Size  Location     Type
                  1    wreg      void 
 Registers used:
		wreg, fsr2l, fsr2h, status,2, status,0, prodl, prodh, cstack
 Tracked objects:
		On entry : 
		On exit  : 
		Unchanged: 
 Data sizes:     COMRAM   BANK0   BANK1   BANK2   BANK3   BANK4   BANK5   BANK6   BANK7   BANK8   BANK9  BANK10  BANK11  BANK12  BANK13  BANK14  BANK15
      Params:         2       0       0       0       0       0       0       0       0       0       0       0       0       0       0       0       0
      Locals:         0       0       0       0       0       0       0       0       0       0       0       0       0       0       0       0       0
      Temps:          0       0       0       0       0       0       0       0       0       0       0       0       0       0       0       0       0
      Totals:         2       0       0       0       0       0       0       0       0       0       0       0       0       0       0       0       0
Total ram usage:        2 bytes
 Hardware stack levels used:    1
 Hardware stack levels required when called:    9
 This function calls:
		_gpio_pin_direction_intialize
 This function is called by:
		_EUSART_Initialize
 This function uses a non-reentrant model


 *************** function _EUSART_Receiver_Enable *****************
 Defined at:
		line 149 in file "mcal/uart/uart.c"
 Parameters:    Size  Location     Type
  usart_obj       2   33[COMRAM] PTR const struct .
		 -> uart1(17), 
 Auto vars:     Size  Location     Type
		None
 Return value:  Size  Location     Type
                  1    wreg      void 
 Registers used:
		wreg, fsr2l, fsr2h, status,2, status,0, prodl, prodh, cstack
 Tracked objects:
		On entry : 
		On exit  : 
		Unchanged: 
 Data sizes:     COMRAM   BANK0   BANK1   BANK2   BANK3   BANK4   BANK5   BANK6   BANK7   BANK8   BANK9  BANK10  BANK11  BANK12  BANK13  BANK14  BANK15
      Params:         2       0       0       0       0       0       0       0       0       0       0       0       0       0       0       0       0
      Locals:         0       0       0       0       0       0       0       0       0       0       0       0       0       0       0       0       0
      Temps:          0       0       0       0       0       0       0       0       0       0       0       0       0       0       0       0       0
      Totals:         2       0       0       0       0       0       0       0       0       0       0       0       0       0       0       0       0
Total ram usage:        2 bytes
 Hardware stack levels used:    1
 Hardware stack levels required when called:    9
 This function calls:
		_gpio_pin_direction_intialize
 This function is called by:
		_EUSART_Initialize
 This function uses a non-reentrant model


 *************** function _gpio_pin_direction_intialize *****************
 Defined at:
		line 23 in file "mcal/mcal_gpio/mcal_gpio.c"
 Parameters:    Size  Location     Type
  port            1    wreg     enum E3477
  pin             1   24[COMRAM] enum E3467
  direction       1   25[COMRAM] enum E3463
 Auto vars:     Size  Location     Type
  port            1   32[COMRAM] enum E3477
  ret             1    0        enum E3455
 Return value:  Size  Location     Type
                  1    wreg      enum E3455
 Registers used:
		wreg, fsr2l, fsr2h, status,2, status,0, prodl, prodh
 Tracked objects:
		On entry : 
		On exit  : 
		Unchanged: 
 Data sizes:     COMRAM   BANK0   BANK1   BANK2   BANK3   BANK4   BANK5   BANK6   BANK7   BANK8   BANK9  BANK10  BANK11  BANK12  BANK13  BANK14  BANK15
      Params:         2       0       0       0       0       0       0       0       0       0       0       0       0       0       0       0       0
      Locals:         2       0       0       0       0       0       0       0       0       0       0       0       0       0       0       0       0
      Temps:          5       0       0       0       0       0       0       0       0       0       0       0       0       0       0       0       0
      Totals:         9       0       0       0       0       0       0       0       0       0       0       0       0       0       0       0       0
Total ram usage:        9 bytes
 Hardware stack levels used:    1
 Hardware stack levels required when called:    8
 This function calls:
		Nothing
 This function is called by:
		_button_initialize
		_led_initialize
		_EUSART_Receiver_Enable
		_EUSART_Transmit_Enable
		_keypad_initialize
		_lcd_intialize
		_relay_initialize
		_interrupt_external_enable
		_interrupt_external_RBx_enable
		_timer1_select_clock_source
		_timer3_clock_sorce
 This function uses a non-reentrant model


 *************** function _EUSART_Mode_Select *****************
 Defined at:
		line 140 in file "mcal/uart/uart.c"
 Parameters:    Size  Location     Type
  usart_obj       2   24[COMRAM] PTR const struct .
		 -> uart1(17), 
 Auto vars:     Size  Location     Type
		None
 Return value:  Size  Location     Type
                  1    wreg      void 
[...]
      Temps:          0       0       0       0       0       0       0       0       0       0       0       0       0       0       0       0       0
      Totals:         0       0       0       0       0       0       0       0       0       0       0       0       0       0       0       0       0
Total ram usage:        0 bytes
 Hardware stack levels used:    1
 Hardware stack levels required when called:    1
 This function calls:
		Absolute function
		_EUSART_TxDefaultInterruptHandler
		i2_usart_clear_tx_interrupt_flag
 This function is called by:
		_INTERRUPT_InterruptManagerHigh
 This function uses a non-reentrant model


 *************** function i2_usart_clear_tx_interrupt_flag *****************
 Defined at:
		line 20 in file "mcal/interrupt/mcal_usart_interrupt.c"
 Parameters:    Size  Location     Type
		None
 Auto vars:     Size  Location     Type
		None
 Return value:  Size  Location     Type
                  1    wreg      void 
 Registers used:
		None
 Tracked objects:
		On entry : 
		On exit  : 
		Unchanged: 
 Data sizes:     COMRAM   BANK0   BANK1   BANK2   BANK3   BANK4   BANK5   BANK6   BANK7   BANK8   BANK9  BANK10  BANK11  BANK12  BANK13  BANK14  BANK15
      Params:         0       0       0       0       0       0       0       0       0       0       0       0       0       0       0       0       0
      Locals:         0       0       0       0       0       0       0       0       0       0       0       0       0       0       0       0       0
      Temps:          0       0       0       0       0       0       0       0       0       0       0       0       0       0       0       0       0
      Totals:         0       0       0       0       0       0       0       0       0       0       0       0       0       0       0       0       0
Total ram usage:        0 bytes
 Hardware stack levels used:    1
 This function calls:
		Nothing
 This function is called by:
		_EUSART_Transmit_ISR
 This function uses a non-reentrant model


 *************** function _EUSART_TxDefaultInterruptHandler *****************
 Defined at:
		line 51 in file "application.c"
 Parameters:    Size  Location     Type
		None
 Auto vars:     Size  Location     Type
		None
 Return value:  Size  Location     Type
                  1    wreg      void 
 Registers used:
		None
 Tracked objects:
		On entry : 
		On exit  : 
		Unchanged: 
 Data sizes:     COMRAM   BANK0   BANK1   BANK2   BANK3   BANK4   BANK5   BANK6   BANK7   BANK8   BANK9  BANK10  BANK11  BANK12  BANK13  BANK14  BANK15
      Params:         0       0       0       0       0       0       0       0       0       0       0       0       0       0       0       0       0
      Locals:         0       0       0       0       0       0       0       0       0       0       0       0       0       0       0       0       0
      Temps:          0       0       0       0       0       0       0       0       0       0       0       0       0       0       0       0       0
      Totals:         0       0       0       0       0       0       0       0       0       0       0       0       0       0       0       0       0
Total ram usage:        0 bytes
 Hardware stack levels used:    1
 This function calls:
		Nothing
 This function is called by:
		_EUSART_Transmit_ISR
 This function uses a non-reentrant model


 *************** function _EUSART_Receive_ISR *****************
 Defined at:
		line 111 in file "mcal/uart/uart.c"
 Parameters:    Size  Location     Type
		None
 Auto vars:     Size  Location     Type
		None
 Return value:  Size  Location     Type
                  1    wreg      void 
 Registers used:
		wreg, fsr2l, fsr2h, status,2, status,0, pclath, tosl, prodl, prodh, cstack
 Tracked objects:
		On entry : 
		On exit  : 
		Unchanged: 
 Data sizes:     COMRAM   BANK0   BANK1   BANK2   BANK3   BANK4   BANK5   BANK6   BANK7   BANK8   BANK9  BANK10  BANK11  BANK12  BANK13  BANK14  BANK15
      Params:         0       0       0       0       0       0       0       0       0       0       0       0       0       0       0       0       0
      Locals:         0       0       0       0       0       0       0       0       0       0       0       0       0       0       0       0       0
      Temps:          0       0       0       0       0       0       0       0       0       0       0       0       0       0       0       0       0
      Totals:         0       0       0       0       0       0       0       0       0       0       0       0       0       0       0       0       0
Total ram usage:        0 bytes
 Hardware stack levels used:    1
 Hardware stack levels required when called:    3
 This function calls:
		Absolute function
		_EUSART_RxDataHandler
		_EUSART_RxDefaultInterruptHandler
 This function is called by:
		_INTERRUPT_InterruptManagerHigh
 This function uses a non-reentrant model


 *************** function _EUSART_RxDefaultInterruptHandler *****************
 Defined at:
		line 56 in file "application.c"
 Parameters:    Size  Location     Type
		None
 Auto vars:     Size  Location     Type
		None
 Return value:  Size  Location     Type
                  1    wreg      void 
 Registers used:
		wreg, fsr2l, fsr2h, status,2, status,0, prodl, prodh, cstack
 Tracked objects:
		On entry : 
		On exit  : 
		Unchanged: 
 Data sizes:     COMRAM   BANK0   BANK1   BANK2   BANK3   BANK4   BANK5   BANK6   BANK7   BANK8   BANK9  BANK10  BANK11  BANK12  BANK13  BANK14  BANK15
      Params:         0       0       0       0       0       0       0       0       0       0       0       0       0       0       0       0       0
      Locals:         0       0       0       0       0       0       0       0       0       0       0       0       0       0       0       0       0
      Temps:          2       0       0       0       0       0       0       0       0       0       0       0       0       0       0       0       0
      Totals:         2       0       0       0       0       0       0       0       0       0       0       0       0       0       0       0       0
Total ram usage:        2 bytes
 Hardware stack levels used:    1
 Hardware stack levels required when called:    2
 This function calls:
		_EUSART_Read
		_led_turn_off
		_led_turn_on
 This function is called by:
		_EUSART_Receive_ISR
 This function uses a non-reentrant model


 *************** function _led_turn_on *****************
 Defined at:
		line 33 in file "ecu/ecu_led/ecu_led.c"
 Parameters:    Size  Location     Type
  led             2    9[COMRAM] PTR struct .
		 -> led2(2), led1(2), 
 Auto vars:     Size  Location     Type
  ret             1    0        enum E3455
 Return value:  Size  Location     Type
                  1    wreg      enum E3455
 Registers used:
		wreg, fsr2l, fsr2h, status,2, status,0, prodl, prodh, cstack
 Tracked objects:
		On entry : 
		On exit  : 
		Unchanged: 
 Data sizes:     COMRAM   BANK0   BANK1   BANK2   BANK3   BANK4   BANK5   BANK6   BANK7   BANK8   BANK9  BANK10  BANK11  BANK12  BANK13  BANK14  BANK15
      Params:         2       0       0       0       0       0       0       0       0       0       0       0       0       0       0       0       0
      Locals:         1       0       0       0       0       0       0       0       0       0       0       0       0       0       0       0       0
      Temps:          1       0       0       0       0       0       0       0       0       0       0       0       0       0       0       0       0
      Totals:         4       0       0       0       0       0       0       0       0       0       0       0       0       0       0       0       0
Total ram usage:        4 bytes
 Hardware stack levels used:    1
 Hardware stack levels required when called:    1
 This function calls:
		i2_gpio_pin_write_value
 This function is called by:
		_EUSART_RxDefaultInterruptHandler
 This function uses a non-reentrant model


 *************** function _led_turn_off *****************
 Defined at:
		line 49 in file "ecu/ecu_led/ecu_led.c"
 Parameters:    Size  Location     Type
  led             2    9[COMRAM] PTR struct .
		 -> led2(2), led1(2), 
 Auto vars:     Size  Location     Type
  ret             1    0        enum E3455
 Return value:  Size  Location     Type
                  1    wreg      enum E3455
 Registers used:
		wreg, fsr2l, fsr2h, status,2, status,0, prodl, prodh, cstack
 Tracked objects:
		On entry : 
		On exit  : 
		Unchanged: 
 Data sizes:     COMRAM   BANK0   BANK1   BANK2   BANK3   BANK4   BANK5   BANK6   BANK7   BANK8   BANK9  BANK10  BANK11  BANK12  BANK13  BANK14  BANK15
      Params:         2       0       0       0       0       0       0       0       0       0       0       0       0       0       0       0       0
      Locals:         1       0       0       0       0       0       0       0       0       0       0       0       0       0       0       0       0
      Temps:          1       0       0       0       0       0       0       0       0       0       0       0       0       0       0       0       0
      Totals:         4       0       0       0       0       0       0       0       0       0       0       0       0       0       0       0       0
Total ram usage:        4 bytes
 Hardware stack levels used:    1
 Hardware stack levels required when called:    1
 This function calls:
		i2_gpio_pin_write_value
 This function is called by:
		_EUSART_RxDefaultInterruptHandler
 This function uses a non-reentrant model


 *************** function i2_gpio_pin_write_value *****************
 Defined at:
		line 67 in file "mcal/mcal_gpio/mcal_gpio.c"
 Parameters:    Size  Location     Type
  port            1    wreg     enum E3477
  pin             1    0[COMRAM] enum E3467
  logic           1    1[COMRAM] enum E3459
 Auto vars:     Size  Location     Type
  port            1    8[COMRAM] enum E3477
  ret             1    0        enum E3455
 Return value:  Size  Location     Type
                  1    wreg      enum E3455
 Registers used:
		wreg, fsr2l, fsr2h, status,2, status,0, prodl, prodh
 Tracked objects:
		On entry : 
		On exit  : 
		Unchanged: 
 Data sizes:     COMRAM   BANK0   BANK1   BANK2   BANK3   BANK4   BANK5   BANK6   BANK7   BANK8   BANK9  BANK10  BANK11  BANK12  BANK13  BANK14  BANK15
      Params:         2       0       0       0       0       0       0       0       0       0       0       0       0       0       0       0       0
      Locals:         2       0       0       0       0       0       0       0       0       0       0       0       0       0       0       0       0
      Temps:          5       0       0       0       0       0       0       0       0       0       0       0       0       0       0       0       0
      Totals:         9       0       0       0       0       0       0       0       0       0       0       0       0       0       0       0       0
Total ram usage:        9 bytes
 Hardware stack levels used:    1
 This function calls:
		Nothing
 This function is called by:
		_led_turn_on
		_led_turn_off
 This function uses a non-reentrant model


 *************** function _EUSART_Read *****************
 Defined at:
		line 98 in file "mcal/uart/uart.c"
 Parameters:    Size  Location     Type
		None
 Auto vars:     Size  Location     Type
  readValue       1    3[COMRAM] unsigned char 
 Return value:  Size  Location     Type
                  1    wreg      unsigned char 
 Registers used:
		wreg, fsr2l, fsr2h, status,2, status,0, cstack
 Tracked objects:
		On entry : 
		On exit  : 
		Unchanged: 
 Data sizes:     COMRAM   BANK0   BANK1   BANK2   BANK3   BANK4   BANK5   BANK6   BANK7   BANK8   BANK9  BANK10  BANK11  BANK12  BANK13  BANK14  BANK15
      Params:         0       0       0       0       0       0       0       0       0       0       0       0       0       0       0       0       0
      Locals:         1       0       0       0       0       0       0       0       0       0       0       0       0       0       0       0       0
      Temps:          0       0       0       0       0       0       0       0       0       0       0       0       0       0       0       0       0
      Totals:         1       0       0       0       0       0       0       0       0       0       0       0       0       0       0       0       0
Total ram usage:        1 bytes
 Hardware stack levels used:    1
 Hardware stack levels required when called:    1
 This function calls:
		i2_usart_interrupt_enable
 This function is called by:
		_EUSART_RxDefaultInterruptHandler
 This function uses a non-reentrant model


 *************** function i2_usart_interrupt_enable *****************
 Defined at:
		line 10 in file "mcal/interrupt/mcal_usart_interrupt.c"
 Parameters:    Size  Location     Type
  state           1    wreg     enum E3521
 Auto vars:     Size  Location     Type
  state           1    2[COMRAM] enum E3521
 Return value:  Size  Location     Type
                  1    wreg      void 
 Registers used:
		wreg, status,2, status,0
 Tracked objects:
		On entry : 
		On exit  : 
		Unchanged: 
 Data sizes:     COMRAM   BANK0   BANK1   BANK2   BANK3   BANK4   BANK5   BANK6   BANK7   BANK8   BANK9  BANK10  BANK11  BANK12  BANK13  BANK14  BANK15
      Params:         0       0       0       0       0       0       0       0       0       0       0       0       0       0       0       0       0
      Locals:         1       0       0       0       0       0       0       0       0       0       0       0       0       0       0       0       0
      Temps:          2       0       0       0       0       0       0       0       0       0       0       0       0       0       0       0       0
      Totals:         3       0       0       0       0       0       0       0       0       0       0       0       0       0       0       0       0
Total ram usage:        3 bytes
 Hardware stack levels used:    1
 This function calls:
		Nothing
 This function is called by:
		_EUSART_Read
 This function uses a non-reentrant model


 *************** function _EUSART_RxDataHandler *****************
 Defined at:
		line 131 in file "mcal/uart/uart.c"
 Parameters:    Size  Location     Type
		None
 Auto vars:     Size  Location     Type
		None
 Return value:  Size  Location     Type
                  1    wreg      void 
 Registers used:
		wreg, fsr2l, fsr2h, status,2, status,0
 Tracked objects:
		On entry : 
		On exit  : 
		Unchanged: 
 Data sizes:     COMRAM   BANK0   BANK1   BANK2   BANK3   BANK4   BANK5   BANK6   BANK7   BANK8   BANK9  BANK10  BANK11  BANK12  BANK13  BANK14  BANK15
      Params:         0       0       0       0       0       0       0       0       0       0       0       0       0       0       0       0       0
      Locals:         0       0       0       0       0       0       0       0       0       0       0       0       0       0       0       0       0
      Temps:          0       0       0       0       0       0       0       0       0       0       0       0       0       0       0       0       0
      Totals:         0       0       0       0       0       0       0       0       0       0       0       0       0       0       0       0       0
Total ram usage:        0 bytes
 Hardware stack levels used:    1
 This function calls:
		Nothing
 This function is called by:
		_EUSART_Receive_ISR
 This function uses a non-reentrant model



MODULE INFORMATION

Module		Function		Class		Link	Load	Size
mcal/mcal_gpio/mcal_gpio.c
		_gpio_pin_write_value		CODE           	2198	0000	204
		_gpio_pin_direction_intialize		CODE           	2330	0000	200

mcal/mcal_gpio/mcal_gpio.c estimated size: 404

mcal/timers/mcal_timer1.c
		_TMR1_CallBack 		CODE           	2A94	0000	2
		_TMR1_ISR      		CODE           	29FE	0000	16

mcal/timers/mcal_timer1.c estimated size: 18

C:\Program Files\Microchip\xc8\v2.30\pic\sources\c99\common\sprcdiv.c
		___fldiv       		CODE           	195E	0000	924

C:\Program Files\Microchip\xc8\v2.30\pic\sources\c99\common\sprcdiv.c estimated size: 924

C:\Program Files\Microchip\xc8\v2.30\pic\sources\c99\common\sprcadd.c
		___fladd       		CODE           	1006	0000	1218

C:\Program Files\Microchip\xc8\v2.30\pic\sources\c99\common\sprcadd.c estimated size: 1218

C:\Program Files\Microchip\xc8\v2.30\pic\sources\c99\common\fltol.c
		___fltol       		CODE           	1FC2	0000	262

C:\Program Files\Microchip\xc8\v2.30\pic\sources\c99\common\fltol.c estimated size: 262

mcal/timers/mcal_timer2.c
		_TMR2_ISR      		CODE           	2A0E	0000	14
		_TMR2_callBack 		CODE           	2A92	0000	2
		_timer2_write_timer		CODE           	2A62	0000	8

mcal/timers/mcal_timer2.c estimated size: 24

mcal/timers/mcal_timer0.c
		_timer0_write_timer		CODE           	2A28	0000	10
		_TMR0_callBack 		CODE           	2A96	0000	2
		_TMR0_ISR      		CODE           	29DA	0000	20

mcal/timers/mcal_timer0.c estimated size: 32

mcal/interrupt/mcal_interrupt_manager.c
		_INTERRUPT_InterruptManagerLow		CODE           	0018	0000	570
		_INTERRUPT_InterruptManagerHigh		CODE           	0008	0000	282

mcal/interrupt/mcal_interrupt_manager.c estimated size: 852

C:\Program Files\Microchip\xc8\v2.30\pic\sources\c99\common\xxtofl.c
		___xxtofl      		CODE           	1CFA	0000	436

C:\Program Files\Microchip\xc8\v2.30\pic\sources\c99\common\xxtofl.c estimated size: 436

shared
		i2_usart_clear_tx_interrupt_flag		CODE           	2A80	0000	4
		i2_usart_interrupt_enable		CODE           	27B0	0000	90
		i2_gpio_pin_write_value		CODE           	2264	0000	204
		__initialization		CODE           	2696	0000	88

shared estimated size: 386

mcal/uart/uart.c
		_EUSART_Read   		CODE           	2862	0000	72
		_EUSART_Receiver_Enable		CODE           	2958	0000	52
		_EUSART_Transmit_Enable		CODE           	2924	0000	52
		_EUSART_Transmit_ISR		CODE           	26F8	0000	94
		_EUSART_Initialize		CODE           	20C8	0000	208
		_EUSART_Receive_ISR		CODE           	2490	0000	142
		_EUSART_RxDataHandler		CODE           	298C	0000	42
		_EUSART_Mode_Select		CODE           	29B6	0000	36
		_EUSART_Baud_Rate_Calculation		CODE           	14C8	0000	1174

mcal/uart/uart.c estimated size: 1872

mcal/interrupt/mcal_usart_interrupt.c
		_usart_interrupt_enable		CODE           	2756	0000	90
		_usart_clear_rx_interrupt_flag		CODE           	2A7C	0000	4
		_usart_clear_tx_interrupt_flag		CODE           	2A78	0000	4

mcal/interrupt/mcal_usart_interrupt.c estimated size: 98

mcal/interrupt/mcal_external_interrupt.c
		_RB4_CallBack  		CODE           	2A8A	0000	2
		_RB5_CallBack  		CODE           	2A88	0000	2
		_RB6_CallBack  		CODE           	2A86	0000	2
		_RB7_CallBack  		CODE           	2A84	0000	2
		_RB4_ISR       		CODE           	2A4A	0000	8
		_RB5_ISR       		CODE           	2A42	0000	8
		_RB6_ISR       		CODE           	2A3A	0000	8
		_RB7_ISR       		CODE           	2A32	0000	8
		_INT0_CallBack 		CODE           	2A98	0000	2
		_INT1_CallBack 		CODE           	2A8E	0000	2
		_INT2_CallBack 		CODE           	2A8C	0000	2
		_INT0_ISR      		CODE           	2A6A	0000	8
		_INT1_ISR      		CODE           	2A5A	0000	8
		_INT2_ISR      		CODE           	2A52	0000	8

mcal/interrupt/mcal_external_interrupt.c estimated size: 70

application.c
		_application_initilaze		CODE           	28EC	0000	56
		_main          		CODE           	2A1C	0000	12
		_EUSART_RxDefaultInterruptHandler		CODE           	251E	0000	140
		_EUSART_TxDefaultInterruptHandler		CODE           	2A9A	0000	2

application.c estimated size: 210

ecu/ecu_led/ecu_led.c
		_led_initialize		CODE           	23F8	0000	152
		_led_turn_on   		CODE           	25AA	0000	118
		_led_turn_off  		CODE           	2620	0000	118

ecu/ecu_led/ecu_led.c estimated size: 388

mcal/timers/mcal_timer3.c
		_TMR3_ISR      		CODE           	29EE	0000	16
		_TMR3_CallBack 		CODE           	2A90	0000	2

mcal/timers/mcal_timer3.c estimated size: 18

ecu/ecu_button/ecu_button.c
		_button_initialize		CODE           	280A	0000	88

ecu/ecu_button/ecu_button.c estimated size: 88

